
[1m[46m RUN [49m[22m [36mv4.1.3 [39m[90mD:/SWE_Intern_task[39m

 [31m├ù[39m src/components/WallCalendar/WallCalendar.test.tsx[2m > [22mWallCalendar[2m > [22mrenders current month name and year by default[32m 128[2mms[22m[39m
[31m   ΓåÆ Found multiple elements with the text: 2026

Here are the matching elements:

Ignored nodes: comments, script, style
[36m<span[31m
  [33mclass[31m=[32m"cal-header__badge-year"[31m
[36m>[31m
  [0m2026[0m
[36m</span>[31m

Ignored nodes: comments, script, style
[36m<span[31m
  [33mclass[31m=[32m"cal-nav__year"[31m
[36m>[31m
  [0m2026[0m
[36m</span>[31m

(If this is intentional, then use the `*AllBy*` variant of the query (like `queryAllByText`, `getAllByText`, or `findAllByText`)).

Ignored nodes: comments, script, style
[36m<body>[31m
  [36m<div>[31m
    [36m<div[31m
      [33mclass[31m=[32m"cal-page"[31m
      [33mdata-theme[31m=[32m"light"[31m
    [36m>[31m
      [36m<div[31m
        [33mclass[31m=[32m"cal-card"[31m
      [36m>[31m
        [36m<div[31m
          [33mclass[31m=[32m"cal-card__toolbar"[31m
        [36m>[31m
          [36m<button[31m
            [33maria-label[31m=[32m"Switch to dark mode"[31m
            [33mclass[31m=[32m"cal-theme-toggle"[31m
            [33mtitle[31m=[32m"Switch to dark mode"[31m
            [33mtype[31m=[32m"button"[31m
          [36m>[31m
            [36m<svg[31m
              [33maria-hidden[31m=[32m"true"[31m
              [33mclass[31m=[32m"lucide lucide-moon"[31m
              [33mfill[31m=[32m"none"[31m
              [33mheight[31m=[32m"18"[31m
              [33mstroke[31m=[32m"currentColor"[31m
              [33mstroke-linecap[31m=[32m"round"[31m
              [33mstroke-linejoin[31m=[32m"round"[31m
              [33mstroke-width[31m=[32m"2"[31m
              [33mviewBox[31m=[32m"0 0 24 24"[31m
              [33mwidth[31m=[32m"18"[31m
              [33mxmlns[31m=[32m"http://www.w3.org/2000/svg"[31m
            [36m>[31m
              [36m<path[31m
                [33md[31m=[32m"M20.985 12.486a9 9 0 1 1-9.473-9.472c.405-.022.617.46.402.803a6 6 0 0 0 8.268 8.268c.344-.215.825-.004.803.401"[31m
              [36m/>[31m
            [36m</svg>[31m
          [36m</button>[31m
        [36m</div>[31m
        [36m<div>[31m
          [36m<div[31m
            [33mclass[31m=[32m"cal-header"[31m
          [36m>[31m
            [36m<div[31m
              [33maria-hidden[31m=[32m"true"[31m
              [33mclass[31m=[32m"cal-spiral"[31m
            [36m>[31m
              [36m<div[31m
                [33maria-hidden[31m=[32m"true"[31m
                [33mclass[31m=[32m"cal-spiral__coil"[31m
              [36m/>[31m
              [36m<div[31m
                [33maria-hidden[31m=[32m"true"[31m
                [33mclass[31m=[32m"cal-spiral__coil"[31m
              [36m/>[31m
              [36m<div[31m
                [33maria-hidden[31m=[32m"true"[31m
                [33mclass[31m=[32m"cal-spiral__coil"[31m
              [36m/>[31m
              [36m<div[31m
                [33maria-hidden[31m=[32m"true"[31m
                [33mclass[31m=[32m"cal-spiral__coil"[31m
              [36m/>[31m
              [36m<div[31m
                [33maria-hidden[31m=[32m"true"[31m
                [33mclass[31m=[32m"cal-spiral__coil"[31m
              [36m/>[31m
              [36m<div[31m
                [33maria-hidden[31m=[32m"true"[31m
                [33mclass[31m=[32m"cal-spiral__coil"[31m
              [36m/>[31m
              [36m<div[31m
                [33maria-hidden[31m=[32m"true"[31m
                [33mclass[31m=[32m"cal-spiral__coil"[31m
              [36m/>[31m
              [36m<div[31m
                [33maria-hidden[31m=[32m"true"[31m
                [33mclass[31m=[32m"cal-spiral__coil"[31m
              [36m/>[31m
              [36m<div[31m
                [33maria-hidden[31m=[32m"true"[31m
                [33mclass[31m=[32m"cal-spiral__coil"[31m
              [36m/>[31m
              [36m<div[31m
                [33maria-hidden[31m=[32m"true"[31m
                [33mclass[31m=[32m"cal-spiral__coil"[31m
              [36m/>[31m
              [36m<div[31m
                [33maria-hidden[31m=[32m"true"[31m
                [33mclass[31m=[32m"cal-spiral__coil"[31m
              [36m/>[31m
              [36m<div[31m
                [33maria-hidden[31m=[32m"true"[31m
                [33mclass[31m=[32m"cal-spiral__coil"[31m
              [36m/>[31m
              [36m<div[31m
                [33maria-hidden[31m=[32m"true"[31m
                [33mclass[31m=[32m"cal-spiral__coil"[31m
              [36m/>[31m
              [36m<div[31m
                [33maria-hidden[31m=[32m"true"[31m
                [33mclass[31m=[32m"cal-spiral__coil"[31m
              [36m/>[31m
              [36m<div[31m
                [33maria-hidden[31m=[32m"true"[31m
                [33mclass[31m=[32m"cal-spiral__coil"[31m
              [36m/>[31m
            [36m</div>[31m
            [36m<div[31m
              [33mclass[31m=[32m"cal-header__hero-wrapper"[31m
            [36m>[31m
              [36m<div[31m
                [33mclass[31m=[32m"cal-header__hero"[31m
                [33mstyle[31m=[32m"perspective: 1200px;"[31m
              [36m>[31m
                [36m<img[31m
                  [33malt[31m=[32m"Green meadow with wildflowers in April"[31m
                  [33mclass[31m=[32m"cal-header__hero-image"[31m
                  [33mheight[31m=[32m"260"[31m
                  [33mloading[31m=[32m"lazy"[31m
                  [33msrc[31m=[32m"https://images.unsplash.com/photo-1490682143684-14369e18dce8?auto=format&w=800&q=80"[31m
                  [33mwidth[31m=[32m"480"[31m
                [36m/>[31m
                [36m<div[31m
                  [33mclass[31m=[32m"cal-header__badge"[31m
                [36m>[31m
                  [36m<span[31m
                    [33mclass[31m=[32m"cal-header__badge-year"[31m
                  [36m>[31m
                    [0m2026[0m
                  [36m</span>[31m
                  [36m<span[31m
                    [33mclass[31m=[32m"cal-header__badge-month"[31m
                  [36m>[31m
                    [0mAPRIL[0m
                  [36m</span>[31m
                [36m</div>[31m
              [36m</div>[31m
            [36m</div>[31m
          [36m</div>[31m
        [36m</div>[31m
        [36m<nav[31m
          [33maria-label[31m=[32m"Month navigation"[31m
          [33mclass[31m=[32m"cal-nav"[31m
        [36m>[31m
          [36m<button[31m
            [33maria-label[31m=[32m"Previous month"[31m
            [33mclass[31m=[32m"cal-nav__btn"[31m
            [33mtype[31m=[32m"button"[31m
          [36m>[31m
            [36m<svg[31m
              [33maria-hidden[31m=[32m"true"[31m
              [33mclass[31m=[32m"lucide lucide-chevron-left"[31m
              [33mfill[31m=[32m"none"[31m
              [33mheight[31m=[32m"20"[31m
              [33mstroke[31m=[32m"currentColor"[31m
              [33mstroke-linecap[31m=[32m"round"[31m
              [33mstroke-linejoin[31m=[32m"round"[31m
              [33mstroke-width[31m=[32m"2"[31m
              [33mviewBox[31m=[32m"0 0 24 24"[31m
              [33mwidth[31m=[32m"20"[31m
              [33mxmlns[31m=[32m"http://www.w3.org/2000/svg"[31m
            [36m>[31m
              [36m<path[31m
                [33md[31m=[32m"m15 18...[39m
 [32mΓ£ô[39m src/components/WallCalendar/WallCalendar.test.tsx[2m > [22mWallCalendar[2m > [22mclicking a date selects it as range start[32m 295[2mms[22m[39m
 [32mΓ£ô[39m src/components/WallCalendar/WallCalendar.test.tsx[2m > [22mWallCalendar[2m > [22mclicking two dates creates a range with middle cells[32m 154[2mms[22m[39m
 [32mΓ£ô[39m src/components/WallCalendar/WallCalendar.test.tsx[2m > [22mWallCalendar[2m > [22mclicking same date twice results in single-day selection[32m 216[2mms[22m[39m
 [32mΓ£ô[39m src/components/WallCalendar/WallCalendar.test.tsx[2m > [22mWallCalendar[2m > [22mclicking third date resets range and sets new start[32m 296[2mms[22m[39m
 [32mΓ£ô[39m src/components/WallCalendar/WallCalendar.test.tsx[2m > [22mWallCalendar[2m > [22madding a note saves and renders in notes list[33m 511[2mms[22m[39m
 [32mΓ£ô[39m src/components/WallCalendar/WallCalendar.test.tsx[2m > [22mWallCalendar[2m > [22mdeleting a note removes it from rendered list[33m 532[2mms[22m[39m
 [32mΓ£ô[39m src/components/WallCalendar/WallCalendar.test.tsx[2m > [22mWallCalendar[2m > [22mnavigating to next month updates month label[32m 99[2mms[22m[39m
 [32mΓ£ô[39m src/components/WallCalendar/WallCalendar.test.tsx[2m > [22mWallCalendar[2m > [22mrange swaps when end date is before start date[32m 167[2mms[22m[39m
 [32mΓ£ô[39m src/components/WallCalendar/WallCalendar.test.tsx[2m > [22mWallCalendar[2m > [22mall day cells have valid aria-label attributes[32m 59[2mms[22m[39m
node.exe : 
At line:1 char:1
+ & "C:\Program Files\nodejs/node.exe" 
"C:\Users\ASUS\AppData\Roaming\n ...
+ ~~~~~~~~~~~~~~~~~~~~~~~~~~~~~~~~~~~~~~~~~~~~~~~~~~~~~~~~~~~~~~
~~~~~~~
    + CategoryInfo          : NotSpecified: (:String) [], Remot 
   eException
    + FullyQualifiedErrorId : NativeCommandError
 
[31mΓÄ»ΓÄ»ΓÄ»ΓÄ»ΓÄ»ΓÄ»ΓÄ»[39m[1m[41m Failed Tests 1 
[49m[22m[31mΓÄ»ΓÄ»ΓÄ»ΓÄ»ΓÄ»ΓÄ»ΓÄ»[39m

[41m[1m FAIL [22m[49m 
src/components/WallCalendar/WallCalendar.test.tsx[2m > 
[22mWallCalendar[2m > [22mrenders current month name and 
year by default
[31m[1mTestingLibraryElementError[22m[39m: Found multiple 
elements with the text: 2026

Here are the matching elements:

Ignored nodes: comments, script, style
[36m<span[39m
  [33mclass[39m=[32m"cal-header__badge-year"[39m
[36m>[39m
  [0m2026[0m
[36m</span>[39m

Ignored nodes: comments, script, style
[36m<span[39m
  [33mclass[39m=[32m"cal-nav__year"[39m
[36m>[39m
  [0m2026[0m
[36m</span>[39m

(If this is intentional, then use the `*AllBy*` variant of the 
query (like `queryAllByText`, `getAllByText`, or 
`findAllByText`)).

Ignored nodes: comments, script, style
[36m<body>[39m
  [36m<div>[39m
    [36m<div[39m
      [33mclass[39m=[32m"cal-page"[39m
      [33mdata-theme[39m=[32m"light"[39m
    [36m>[39m
      [36m<div[39m
        [33mclass[39m=[32m"cal-card"[39m
      [36m>[39m
        [36m<div[39m
          [33mclass[39m=[32m"cal-card__toolbar"[39m
        [36m>[39m
          [36m<button[39m
            [33maria-label[39m=[32m"Switch to dark mode"[39m
            [33mclass[39m=[32m"cal-theme-toggle"[39m
            [33mtitle[39m=[32m"Switch to dark mode"[39m
            [33mtype[39m=[32m"button"[39m
          [36m>[39m
            [36m<svg[39m
              [33maria-hidden[39m=[32m"true"[39m
              [33mclass[39m=[32m"lucide lucide-moon"[39m
              [33mfill[39m=[32m"none"[39m
              [33mheight[39m=[32m"18"[39m
              [33mstroke[39m=[32m"currentColor"[39m
              [33mstroke-linecap[39m=[32m"round"[39m
              [33mstroke-linejoin[39m=[32m"round"[39m
              [33mstroke-width[39m=[32m"2"[39m
              [33mviewBox[39m=[32m"0 0 24 24"[39m
              [33mwidth[39m=[32m"18"[39m
              
[33mxmlns[39m=[32m"http://www.w3.org/2000/svg"[39m
            [36m>[39m
              [36m<path[39m
                [33md[39m=[32m"M20.985 12.486a9 9 0 1 
1-9.473-9.472c.405-.022.617.46.402.803a6 6 0 0 0 8.268 
8.268c.344-.215.825-.004.803.401"[39m
              [36m/>[39m
            [36m</svg>[39m
          [36m</button>[39m
        [36m</div>[39m
        [36m<div>[39m
          [36m<div[39m
            [33mclass[39m=[32m"cal-header"[39m
          [36m>[39m
            [36m<div[39m
              [33maria-hidden[39m=[32m"true"[39m
              [33mclass[39m=[32m"cal-spiral"[39m
            [36m>[39m
              [36m<div[39m
                [33maria-hidden[39m=[32m"true"[39m
                [33mclass[39m=[32m"cal-spiral__coil"[39m
              [36m/>[39m
              [36m<div[39m
                [33maria-hidden[39m=[32m"true"[39m
                [33mclass[39m=[32m"cal-spiral__coil"[39m
              [36m/>[39m
              [36m<div[39m
                [33maria-hidden[39m=[32m"true"[39m
                [33mclass[39m=[32m"cal-spiral__coil"[39m
              [36m/>[39m
              [36m<div[39m
                [33maria-hidden[39m=[32m"true"[39m
                [33mclass[39m=[32m"cal-spiral__coil"[39m
              [36m/>[39m
              [36m<div[39m
                [33maria-hidden[39m=[32m"true"[39m
                [33mclass[39m=[32m"cal-spiral__coil"[39m
              [36m/>[39m
              [36m<div[39m
                [33maria-hidden[39m=[32m"true"[39m
                [33mclass[39m=[32m"cal-spiral__coil"[39m
              [36m/>[39m
              [36m<div[39m
                [33maria-hidden[39m=[32m"true"[39m
                [33mclass[39m=[32m"cal-spiral__coil"[39m
              [36m/>[39m
              [36m<div[39m
                [33maria-hidden[39m=[32m"true"[39m
                [33mclass[39m=[32m"cal-spiral__coil"[39m
              [36m/>[39m
              [36m<div[39m
                [33maria-hidden[39m=[32m"true"[39m
                [33mclass[39m=[32m"cal-spiral__coil"[39m
              [36m/>[39m
              [36m<div[39m
                [33maria-hidden[39m=[32m"true"[39m
                [33mclass[39m=[32m"cal-spiral__coil"[39m
              [36m/>[39m
              [36m<div[39m
                [33maria-hidden[39m=[32m"true"[39m
                [33mclass[39m=[32m"cal-spiral__coil"[39m
              [36m/>[39m
              [36m<div[39m
                [33maria-hidden[39m=[32m"true"[39m
                [33mclass[39m=[32m"cal-spiral__coil"[39m
              [36m/>[39m
              [36m<div[39m
                [33maria-hidden[39m=[32m"true"[39m
                [33mclass[39m=[32m"cal-spiral__coil"[39m
              [36m/>[39m
              [36m<div[39m
                [33maria-hidden[39m=[32m"true"[39m
                [33mclass[39m=[32m"cal-spiral__coil"[39m
              [36m/>[39m
              [36m<div[39m
                [33maria-hidden[39m=[32m"true"[39m
                [33mclass[39m=[32m"cal-spiral__coil"[39m
              [36m/>[39m

            [36m</div>[39m
            [36m<div[39m
              
[33mclass[39m=[32m"cal-header__hero-wrapper"[39m
            [36m>[39m
              [36m<div[39m
                [33mclass[39m=[32m"cal-header__hero"[39m
                [33mstyle[39m=[32m"perspective: 1200px;"[39m
              [36m>[39m
                [36m<img[39m
                  [33malt[39m=[32m"Green meadow with 
wildflowers in April"[39m
                  
[33mclass[39m=[32m"cal-header__hero-image"[39m
                  [33mheight[39m=[32m"260"[39m
                  [33mloading[39m=[32m"lazy"[39m
                  [33msrc[39m=[32m"https://images.unsplash.co
m/photo-1490682143684-14369e18dce8?auto=format&w=800&q=80"[39m
                  [33mwidth[39m=[32m"480"[39m
                [36m/>[39m
                [36m<div[39m
                  [33mclass[39m=[32m"cal-header__badge"[39m
                [36m>[39m
                  [36m<span[39m
                    
[33mclass[39m=[32m"cal-header__badge-year"[39m
                  [36m>[39m
                    [0m2026[0m
                  [36m</span>[39m
                  [36m<span[39m
                    
[33mclass[39m=[32m"cal-header__badge-month"[39m
                  [36m>[39m
                    [0mAPRIL[0m
                  [36m</span>[39m
                [36m</div>[39m
              [36m</div>[39m
            [36m</div>[39m
          [36m</div>[39m
        [36m</div>[39m
        [36m<nav[39m
          [33maria-label[39m=[32m"Month navigation"[39m
          [33mclass[39m=[32m"cal-nav"[39m
        [36m>[39m
          [36m<button[39m
            [33maria-label[39m=[32m"Previous month"[39m
            [33mclass[39m=[32m"cal-nav__btn"[39m
            [33mtype[39m=[32m"button"[39m
          [36m>[39m
            [36m<svg[39m
              [33maria-hidden[39m=[32m"true"[39m
              [33mclass[39m=[32m"lucide 
lucide-chevron-left"[39m
              [33mfill[39m=[32m"none"[39m
              [33mheight[39m=[32m"20"[39m
              [33mstroke[39m=[32m"currentColor"[39m
              [33mstroke-linecap[39m=[32m"round"[39m
              [33mstroke-linejoin[39m=[32m"round"[39m
              [33mstroke-width[39m=[32m"2"[39m
              [33mviewBox[39m=[32m"0 0 24 24"[39m
              [33mwidth[39m=[32m"20"[39m
              
[33mxmlns[39m=[32m"http://www.w3.org/2000/svg"[39m
[2m Test Files [22m [1m[31m1 failed[39m[22m[90m (1)[39m
[2m      Tests [22m [1m[31m1 failed[39m[22m[2m | [22m[1m[32m9 passed[39m[22m[90m (10)[39m
[2m   Start at [22m 20:59:09
[2m   Duration [22m 5.80s[2m (transform 249ms, setup 138ms, import 1.85s, tests 2.46s, environment 1.11s)[22m

            [36m>[39m
              [36m<path[39m
                [33md[39m=[32m"m15 18...
[90m [2mΓ¥»[22m Object.getElementError node_modules/@testing-
library/dom/dist/config.js:[2m37:19[22m[39m
[90m [2mΓ¥»[22m getElementError node_modules/@testing-library
/dom/dist/query-helpers.js:[2m20:35[22m[39m
[90m [2mΓ¥»[22m getMultipleElementsFoundError node_modules/@t
esting-library/dom/dist/query-helpers.js:[2m23:10[22m[39m
[90m [2mΓ¥»[22m node_modules/@testing-library/dom/dist/query-
helpers.js:[2m55:13[22m[39m
[90m [2mΓ¥»[22m node_modules/@testing-library/dom/dist/query-
helpers.js:[2m95:19[22m[39m
[36m [2mΓ¥»[22m src/components/WallCalendar/WallCalendar.test
.tsx:[2m72:19[22m[39m
    [90m 70|[39m
    [90m 71|[39m     [34mexpect[39m(screen[33m.[39m[34mge
tByText[39m(expectedMonth))[33m.[39m[34mtoBeInTheDocument[3
9m()[33m;[39m
    [90m 72|[39m     [34mexpect[39m(screen[33m.[39m[34mge
tByText[39m(expectedYear))[33m.[39m[34mtoBeInTheDocument[39
m()[33m;[39m
    [90m   |[39m                   [31m^[39m
    [90m 73|[39m   })[33m;[39m
    [90m 74|[39m

[31m[2mΓÄ»ΓÄ»ΓÄ»ΓÄ»ΓÄ»ΓÄ»ΓÄ»ΓÄ»ΓÄ»ΓÄ»ΓÄ»ΓÄ»ΓÄ»ΓÄ»ΓÄ»ΓÄ»ΓÄ»ΓÄ»Γ
Ä»ΓÄ»ΓÄ»ΓÄ»ΓÄ»ΓÄ»[1/1]ΓÄ»[22m[39m

